# 磁盘与文件系统



## 查看磁盘相关信息





### df 查看磁盘容量使用情况

df  查看文件系统磁盘容量使用情况



查看磁盘相关的命令:

```shell 
# 显示磁盘相关信息
df
#
du
# 查看磁盘使用情况和磁盘分区
fdisk -l
# 列出所有存储设备
lsblk
```



### du 查看文件大小

​	使用`ls` 命令查看文件列表时，可以看到文件大小，但目录的总大小是不知道的，使用 `du` 命令可以递归汇总目录以及目录中每个文件的大小。

```shell 
# 容量以可读性高的方式显示
du -h /home
# 指定递归最大深度
du -d0 /home
```

示例：

```bash
# 递归目录的所有文件
[root@HAYA-CS /]# du -h /boot
2.5M	/boot/efi/EFI/centos/fonts
16K	/boot/efi/EFI/centos/fw
9.5M	/boot/efi/EFI/centos
1.9M	/boot/efi/EFI/BOOT
12M	/boot/efi/EFI
12M	/boot/efi
0	/boot/grub2
4.0K	/boot/grub
1.4M	/boot/extlinux
210M	/boot
# 指定递归最大深度为0,也就是只统计目录的大小
[root@HAYA-CS /]# du -h -d0 /boot
210M	/boot
```



### fdisk



```shell
[root@HAYA-CS ~]# fdisk -l

Disk /dev/sda: 2000.4 GB, 2000398934016 bytes, 3907029168 sectors
Units = sectors of 1 * 512 = 512 bytes
Sector size (logical/physical): 512 bytes / 4096 bytes
I/O size (minimum/optimal): 4096 bytes / 4096 bytes
Disk label type: gpt
Disk identifier: 6BC1ACCB-214D-4F4C-9AA7-294FA1000966

#         Start          End    Size  Type            Name
 1         2048     39063551   18.6G  EFI System      EFI System Partition
 2     39063552     78125055   18.6G  Microsoft basic 
 3     78125056   1640624127  745.1G  Microsoft basic 
 4   1640624128   1679685631   18.6G  Microsoft basic 
 5   1679685632   1718747135   18.6G  Linux swap      
 6   1718747136   3671871487  931.3G  Microsoft basic 

```



### lsblk 

lsblk （list block device），列出系统上的所有磁盘和分区列表：

```shell
[root@HAYA-CS ~]# lsblk
NAME   MAJ:MIN RM   SIZE RO TYPE MOUNTPOINT
sda      8:0    0   1.8T  0 disk 
├─sda1   8:1    0  18.6G  0 part /boot/efi
├─sda2   8:2    0  18.6G  0 part /boot
├─sda3   8:3    0 745.1G  0 part /home
├─sda4   8:4    0  18.6G  0 part /var
├─sda5   8:5    0  18.6G  0 part [SWAP]
└─sda6   8:6    0 931.3G  0 part /
sr0     11:0    1  1024M  0 rom  
```

NAME：设备名字。

RM :是否是可卸载设备（removable device），如光盘、U盘等；

SIZE：设备容量大小；

RO：是否只读设备；

TYPE：设备类型，是磁盘（disk）、分区（part），还是只读存储器（rom）；

MOUNTPOINT：设备挂载点；







物理卷管理

```shell
      
# 将物理硬盘分区,初始化为物理卷
pvcreate   
# 显示物理卷属性
pvdisplay  
# 修改物理卷属性
pvchange

pvmove     
# 删除指定物理卷
pvremove

pvresize

pvs
# 扫描所有的物理卷
pvscan
```







## 文件系统



挂载

xfs

ext 文件系统



sync 命令用于将buff 中的数据立即写入磁盘

挂载

mount

卸载

unmount

判断目录是否为挂载点

mountpoint dir

```
[root@iz2zedkxcfuowarkbygobmz ~]# mountpoint /
/ is a mountpoint
[root@iz2zedkxcfuowarkbygobmz ~]# mountpoint /root/
/root/ is not a mountpoint
```



挂载和卸载

/etc/fstab 文件配置了系统启动时自动挂载的文件系统

```

```

mount 命令



## 逻辑卷管理 LVM



```shell
lvchange               lvmconf      lvmdiskscan  lvmetad      lvmsadc                lvs          
lvconvert        lvm          lvmconfig    lvmdump      lvmpolld     lvmsar                 

# 创建LVM逻辑卷
lvcreate
# 重命名逻辑卷
lvrename
# 收缩逻辑卷空间
lvreduce
# 扩展逻辑卷空间
lvextend
# 调整逻辑卷空间
lvresize
# 删除指定逻辑卷
lvremove
# 显示逻辑卷属性
lvdisplay
# 扫描逻辑卷
lvscan
```



